// Jest Snapshot v1, https://goo.gl/fbAQLP

exports[`работа EditClient 1`] = `
<div>
  <h2>
    Редактирование
  </h2>
  <table
    className="Card"
    id={1}
  >
    <tbody>
      <tr>
        <td>
          Фамилия: 
        </td>
        <td>
          <input
            defaultValue="Иванов"
            type="text"
          />
        </td>
      </tr>
      <tr>
        <td>
          Имя: 
        </td>
        <td>
          <input
            defaultValue="Иван"
            type="text"
          />
        </td>
      </tr>
      <tr>
        <td>
          Отчество: 
        </td>
        <td>
          <input
            defaultValue="Иванович"
            type="text"
          />
        </td>
      </tr>
      <tr>
        <td>
          Баланс: 
        </td>
        <td>
          <input
            defaultValue={200}
            type="text"
          />
        </td>
      </tr>
    </tbody>
  </table>
  <input
    className="SaveEdit"
    onClick={[Function]}
    type="button"
    value="Save"
  />
  <input
    className="CancelEdit"
    onClick={[Function]}
    type="button"
    value="Cancel"
  />
</div>
`;

exports[`работа EditClient 2`] = `
<div>
  <h2>
    Редактирование
  </h2>
  <table
    className="Card"
    id={1}
  >
    <tbody>
      <tr>
        <td>
          Фамилия: 
        </td>
        <td>
          <input
            defaultValue="Иванов"
            type="text"
          />
        </td>
      </tr>
      <tr>
        <td>
          Имя: 
        </td>
        <td>
          <input
            defaultValue="Иван"
            type="text"
          />
        </td>
      </tr>
      <tr>
        <td>
          Отчество: 
        </td>
        <td>
          <input
            defaultValue="Иванович"
            type="text"
          />
        </td>
      </tr>
      <tr>
        <td>
          Баланс: 
        </td>
        <td>
          <input
            defaultValue={200}
            type="text"
          />
        </td>
      </tr>
    </tbody>
  </table>
  <input
    className="SaveEdit"
    onClick={[Function]}
    type="button"
    value="Save"
  />
  <input
    className="CancelEdit"
    onClick={[Function]}
    type="button"
    value="Cancel"
  />
</div>
`;

exports[`работа EditClient 3`] = `
<div>
  <h2>
    Редактирование
  </h2>
  <table
    className="Card"
    id={1}
  >
    <tbody>
      <tr>
        <td>
          Фамилия: 
        </td>
        <td>
          <input
            defaultValue="Иванов"
            type="text"
          />
        </td>
      </tr>
      <tr>
        <td>
          Имя: 
        </td>
        <td>
          <input
            defaultValue="Иван"
            type="text"
          />
        </td>
      </tr>
      <tr>
        <td>
          Отчество: 
        </td>
        <td>
          <input
            defaultValue="Иванович"
            type="text"
          />
        </td>
      </tr>
      <tr>
        <td>
          Баланс: 
        </td>
        <td>
          <input
            defaultValue={200}
            type="text"
          />
        </td>
      </tr>
    </tbody>
  </table>
  <input
    className="SaveEdit"
    onClick={[Function]}
    type="button"
    value="Save"
  />
  <input
    className="CancelEdit"
    onClick={[Function]}
    type="button"
    value="Cancel"
  />
</div>
`;
